To honour the JVM settings for this build a single-use Daemon process will be forked. For more on this, please refer to https://docs.gradle.org/8.13/userguide/gradle_daemon.html#sec:disabling_the_daemon in the Gradle documentation.
Daemon will be stopped at the end of the build 

> Configure project :gradle
WARNING: Unsupported Kotlin plugin version.
The `embedded-kotlin` and `kotlin-dsl` plugins rely on features of Kotlin `2.0.21` that might work differently than in the requested version `2.2.20`.

> Task :gradle:checkKotlinGradlePluginConfigurationErrors SKIPPED
> Task :gradle:compileKotlin UP-TO-DATE
> Task :gradle:compileJava NO-SOURCE
> Task :gradle:compileGroovy NO-SOURCE
> Task :gradle:pluginDescriptors UP-TO-DATE
> Task :gradle:processResources UP-TO-DATE
> Task :gradle:classes UP-TO-DATE
> Task :gradle:jar UP-TO-DATE

> Configure project :app

> Task :app:ReleaseMinSdkCheck
> Task :app:preBuild UP-TO-DATE
> Task :app:preReleaseBuild UP-TO-DATE

> Task :app:configureCMakeRelease[arm64-v8a]
[CXX5304] This version only understands SDK XML versions up to 3 but an SDK XML file of version 4 was encountered. This can happen if you use versions of Android Studio and the command-line tools that were released at different times.
[CXX5304] This version only understands SDK XML versions up to 3 but an SDK XML file of version 4 was encountered. This can happen if you use versions of Android Studio and the command-line tools that were released at different times.

> Task :app:buildCMakeRelease[arm64-v8a]
> Task :app:configureCMakeRelease[armeabi-v7a]
> Task :app:buildCMakeRelease[armeabi-v7a]
> Task :app:configureCMakeRelease[x86_64]
> Task :app:buildCMakeRelease[x86_64]
> Task :app:compileFlutterBuildRelease UP-TO-DATE
> Task :app:copyJniLibsflutterBuildRelease UP-TO-DATE
> Task :app:mergeReleaseJniLibFolders UP-TO-DATE
> Task :file_picker:preBuild UP-TO-DATE
> Task :file_picker:preReleaseBuild UP-TO-DATE
> Task :file_picker:mergeReleaseJniLibFolders UP-TO-DATE
> Task :file_picker:mergeReleaseNativeLibs NO-SOURCE
> Task :file_picker:copyReleaseJniLibsProjectOnly UP-TO-DATE
> Task :flutter_plugin_android_lifecycle:preBuild UP-TO-DATE
> Task :flutter_plugin_android_lifecycle:preReleaseBuild UP-TO-DATE
> Task :flutter_plugin_android_lifecycle:mergeReleaseJniLibFolders UP-TO-DATE
> Task :flutter_plugin_android_lifecycle:mergeReleaseNativeLibs NO-SOURCE
> Task :flutter_plugin_android_lifecycle:copyReleaseJniLibsProjectOnly UP-TO-DATE
> Task :flutter_secure_storage:preBuild UP-TO-DATE
> Task :flutter_secure_storage:preReleaseBuild UP-TO-DATE
> Task :flutter_secure_storage:mergeReleaseJniLibFolders UP-TO-DATE
> Task :flutter_secure_storage:mergeReleaseNativeLibs NO-SOURCE
> Task :flutter_secure_storage:copyReleaseJniLibsProjectOnly UP-TO-DATE
> Task :jni:preBuild UP-TO-DATE
> Task :jni:preReleaseBuild UP-TO-DATE
> Task :jni:configureCMakeRelWithDebInfo[arm64-v8a]
> Task :jni:buildCMakeRelWithDebInfo[arm64-v8a]
> Task :jni:configureCMakeRelWithDebInfo[armeabi-v7a]
> Task :jni:buildCMakeRelWithDebInfo[armeabi-v7a]
> Task :jni:configureCMakeRelWithDebInfo[x86]
> Task :jni:buildCMakeRelWithDebInfo[x86]
> Task :jni:configureCMakeRelWithDebInfo[x86_64]
> Task :jni:buildCMakeRelWithDebInfo[x86_64]
> Task :jni:mergeReleaseJniLibFolders UP-TO-DATE
> Task :jni:mergeReleaseNativeLibs UP-TO-DATE
> Task :jni:copyReleaseJniLibsProjectOnly UP-TO-DATE
> Task :jni_flutter:preBuild UP-TO-DATE
> Task :jni_flutter:preReleaseBuild UP-TO-DATE
> Task :jni_flutter:mergeReleaseJniLibFolders UP-TO-DATE
> Task :jni_flutter:mergeReleaseNativeLibs NO-SOURCE
> Task :jni_flutter:copyReleaseJniLibsProjectOnly UP-TO-DATE
> Task :shared_preferences_android:preBuild UP-TO-DATE
> Task :shared_preferences_android:preReleaseBuild UP-TO-DATE
> Task :shared_preferences_android:mergeReleaseJniLibFolders UP-TO-DATE
> Task :shared_preferences_android:mergeReleaseNativeLibs NO-SOURCE
> Task :shared_preferences_android:copyReleaseJniLibsProjectOnly UP-TO-DATE
> Task :app:mergeReleaseNativeLibs UP-TO-DATE
> Task :app:stripReleaseDebugSymbols UP-TO-DATE
> Task :app:extractReleaseNativeSymbolTables UP-TO-DATE
> Task :app:mergeReleaseNativeDebugMetadata UP-TO-DATE
> Task :file_picker:checkKotlinGradlePluginConfigurationErrors SKIPPED
> Task :file_picker:generateReleaseResValues UP-TO-DATE
> Task :file_picker:generateReleaseResources UP-TO-DATE
> Task :file_picker:packageReleaseResources UP-TO-DATE
> Task :file_picker:parseReleaseLocalResources UP-TO-DATE
> Task :file_picker:generateReleaseRFile UP-TO-DATE
> Task :flutter_plugin_android_lifecycle:checkKotlinGradlePluginConfigurationErrors SKIPPED
> Task :flutter_plugin_android_lifecycle:generateReleaseResValues UP-TO-DATE
> Task :flutter_plugin_android_lifecycle:generateReleaseResources UP-TO-DATE
> Task :flutter_plugin_android_lifecycle:packageReleaseResources UP-TO-DATE
> Task :flutter_plugin_android_lifecycle:parseReleaseLocalResources UP-TO-DATE
> Task :flutter_plugin_android_lifecycle:generateReleaseRFile UP-TO-DATE
> Task :flutter_plugin_android_lifecycle:compileReleaseKotlin NO-SOURCE
> Task :flutter_plugin_android_lifecycle:javaPreCompileRelease UP-TO-DATE
> Task :flutter_plugin_android_lifecycle:compileReleaseJavaWithJavac UP-TO-DATE
> Task :flutter_plugin_android_lifecycle:bundleLibCompileToJarRelease UP-TO-DATE
> Task :file_picker:compileReleaseKotlin UP-TO-DATE
> Task :file_picker:javaPreCompileRelease UP-TO-DATE
> Task :file_picker:compileReleaseJavaWithJavac NO-SOURCE
> Task :file_picker:mergeReleaseGeneratedProguardFiles UP-TO-DATE
> Task :file_picker:exportReleaseConsumerProguardFiles UP-TO-DATE
> Task :flutter_plugin_android_lifecycle:mergeReleaseGeneratedProguardFiles UP-TO-DATE
> Task :flutter_plugin_android_lifecycle:exportReleaseConsumerProguardFiles UP-TO-DATE
> Task :flutter_secure_storage:checkKotlinGradlePluginConfigurationErrors SKIPPED
> Task :flutter_secure_storage:generateReleaseBuildConfig UP-TO-DATE
> Task :flutter_secure_storage:generateReleaseResValues UP-TO-DATE
> Task :flutter_secure_storage:generateReleaseResources UP-TO-DATE
> Task :flutter_secure_storage:packageReleaseResources UP-TO-DATE
> Task :flutter_secure_storage:parseReleaseLocalResources UP-TO-DATE
> Task :flutter_secure_storage:generateReleaseRFile UP-TO-DATE
> Task :flutter_secure_storage:compileReleaseKotlin NO-SOURCE
> Task :flutter_secure_storage:javaPreCompileRelease UP-TO-DATE
> Task :flutter_secure_storage:compileReleaseJavaWithJavac UP-TO-DATE
> Task :flutter_secure_storage:mergeReleaseGeneratedProguardFiles UP-TO-DATE
> Task :flutter_secure_storage:exportReleaseConsumerProguardFiles UP-TO-DATE
> Task :jni:checkKotlinGradlePluginConfigurationErrors SKIPPED
> Task :jni:generateReleaseResValues UP-TO-DATE
> Task :jni:generateReleaseResources UP-TO-DATE
> Task :jni:packageReleaseResources UP-TO-DATE
> Task :jni:parseReleaseLocalResources UP-TO-DATE
> Task :jni:generateReleaseRFile UP-TO-DATE
> Task :jni:compileReleaseKotlin NO-SOURCE
> Task :jni:javaPreCompileRelease UP-TO-DATE
> Task :jni:compileReleaseJavaWithJavac UP-TO-DATE
> Task :jni:bundleLibCompileToJarRelease UP-TO-DATE
> Task :jni_flutter:checkKotlinGradlePluginConfigurationErrors SKIPPED
> Task :jni_flutter:generateReleaseResValues UP-TO-DATE
> Task :jni_flutter:generateReleaseResources UP-TO-DATE
> Task :jni_flutter:packageReleaseResources UP-TO-DATE
> Task :jni_flutter:parseReleaseLocalResources UP-TO-DATE
> Task :jni_flutter:generateReleaseRFile UP-TO-DATE
> Task :jni_flutter:compileReleaseKotlin NO-SOURCE
> Task :jni_flutter:javaPreCompileRelease UP-TO-DATE
> Task :jni_flutter:compileReleaseJavaWithJavac UP-TO-DATE
> Task :jni_flutter:mergeReleaseGeneratedProguardFiles UP-TO-DATE
> Task :jni_flutter:exportReleaseConsumerProguardFiles UP-TO-DATE
> Task :jni:mergeReleaseGeneratedProguardFiles UP-TO-DATE
> Task :jni:exportReleaseConsumerProguardFiles UP-TO-DATE
> Task :shared_preferences_android:checkKotlinGradlePluginConfigurationErrors SKIPPED
> Task :shared_preferences_android:generateReleaseResValues UP-TO-DATE
> Task :shared_preferences_android:generateReleaseResources UP-TO-DATE
> Task :shared_preferences_android:packageReleaseResources UP-TO-DATE
> Task :shared_preferences_android:parseReleaseLocalResources UP-TO-DATE
> Task :shared_preferences_android:generateReleaseRFile UP-TO-DATE
> Task :shared_preferences_android:compileReleaseKotlin UP-TO-DATE
> Task :shared_preferences_android:javaPreCompileRelease UP-TO-DATE
> Task :shared_preferences_android:compileReleaseJavaWithJavac NO-SOURCE
> Task :shared_preferences_android:mergeReleaseGeneratedProguardFiles UP-TO-DATE
> Task :shared_preferences_android:exportReleaseConsumerProguardFiles UP-TO-DATE
> Task :app:buildKotlinToolingMetadata UP-TO-DATE
> Task :app:checkReleaseDuplicateClasses UP-TO-DATE
> Task :app:checkKotlinGradlePluginConfigurationErrors SKIPPED
> Task :file_picker:writeReleaseAarMetadata UP-TO-DATE
> Task :flutter_plugin_android_lifecycle:writeReleaseAarMetadata UP-TO-DATE
> Task :flutter_secure_storage:writeReleaseAarMetadata UP-TO-DATE
> Task :jni:writeReleaseAarMetadata UP-TO-DATE
> Task :jni_flutter:writeReleaseAarMetadata UP-TO-DATE
> Task :shared_preferences_android:writeReleaseAarMetadata UP-TO-DATE
> Task :app:checkReleaseAarMetadata UP-TO-DATE
> Task :app:cleanMergeReleaseAssets
> Task :app:mergeReleaseShaders UP-TO-DATE
> Task :app:compileReleaseShaders NO-SOURCE
> Task :app:generateReleaseAssets UP-TO-DATE
> Task :file_picker:mergeReleaseShaders UP-TO-DATE
> Task :file_picker:compileReleaseShaders NO-SOURCE
> Task :file_picker:generateReleaseAssets UP-TO-DATE
> Task :file_picker:mergeReleaseAssets UP-TO-DATE
> Task :flutter_plugin_android_lifecycle:mergeReleaseShaders UP-TO-DATE
> Task :flutter_plugin_android_lifecycle:compileReleaseShaders NO-SOURCE
> Task :flutter_plugin_android_lifecycle:generateReleaseAssets UP-TO-DATE
> Task :flutter_plugin_android_lifecycle:mergeReleaseAssets UP-TO-DATE
> Task :flutter_secure_storage:mergeReleaseShaders UP-TO-DATE
> Task :flutter_secure_storage:compileReleaseShaders NO-SOURCE
> Task :flutter_secure_storage:generateReleaseAssets UP-TO-DATE
> Task :flutter_secure_storage:mergeReleaseAssets UP-TO-DATE
> Task :jni:mergeReleaseShaders UP-TO-DATE
> Task :jni:compileReleaseShaders NO-SOURCE
> Task :jni:generateReleaseAssets UP-TO-DATE
> Task :jni:mergeReleaseAssets UP-TO-DATE
> Task :jni_flutter:mergeReleaseShaders UP-TO-DATE
> Task :jni_flutter:compileReleaseShaders NO-SOURCE
> Task :jni_flutter:generateReleaseAssets UP-TO-DATE
> Task :jni_flutter:mergeReleaseAssets UP-TO-DATE
> Task :shared_preferences_android:mergeReleaseShaders UP-TO-DATE
> Task :shared_preferences_android:compileReleaseShaders NO-SOURCE
> Task :shared_preferences_android:generateReleaseAssets UP-TO-DATE
> Task :shared_preferences_android:mergeReleaseAssets UP-TO-DATE
> Task :app:mergeReleaseAssets
> Task :app:copyFlutterAssetsRelease
> Task :app:generateReleaseResValues UP-TO-DATE
> Task :app:mapReleaseSourceSetPaths UP-TO-DATE
> Task :app:generateReleaseResources UP-TO-DATE
> Task :app:mergeReleaseResources UP-TO-DATE
> Task :app:packageReleaseResources UP-TO-DATE
> Task :app:parseReleaseLocalResources UP-TO-DATE
> Task :app:createReleaseCompatibleScreenManifests UP-TO-DATE
> Task :app:extractDeepLinksRelease UP-TO-DATE
> Task :file_picker:extractDeepLinksRelease UP-TO-DATE
> Task :file_picker:processReleaseManifest UP-TO-DATE
> Task :flutter_plugin_android_lifecycle:extractDeepLinksRelease UP-TO-DATE
> Task :flutter_plugin_android_lifecycle:processReleaseManifest UP-TO-DATE
> Task :flutter_secure_storage:extractDeepLinksRelease UP-TO-DATE
> Task :flutter_secure_storage:processReleaseManifest UP-TO-DATE
> Task :jni:extractDeepLinksRelease UP-TO-DATE
> Task :jni:processReleaseManifest UP-TO-DATE
> Task :jni_flutter:extractDeepLinksRelease UP-TO-DATE
> Task :jni_flutter:processReleaseManifest UP-TO-DATE
> Task :shared_preferences_android:extractDeepLinksRelease UP-TO-DATE
> Task :shared_preferences_android:processReleaseManifest UP-TO-DATE
> Task :app:processReleaseMainManifest UP-TO-DATE
> Task :app:outputReleaseAppLinkSettings UP-TO-DATE
> Task :app:processReleaseManifest UP-TO-DATE
> Task :app:processReleaseManifestForPackage UP-TO-DATE
> Task :app:processReleaseResources UP-TO-DATE
> Task :file_picker:bundleLibCompileToJarRelease UP-TO-DATE
> Task :flutter_secure_storage:bundleLibCompileToJarRelease UP-TO-DATE
> Task :jni_flutter:bundleLibCompileToJarRelease UP-TO-DATE
> Task :shared_preferences_android:bundleLibCompileToJarRelease UP-TO-DATE
> Task :app:compileReleaseKotlin UP-TO-DATE
> Task :app:javaPreCompileRelease UP-TO-DATE
> Task :app:compileReleaseJavaWithJavac UP-TO-DATE
> Task :file_picker:prepareReleaseArtProfile UP-TO-DATE
> Task :flutter_plugin_android_lifecycle:prepareReleaseArtProfile UP-TO-DATE
> Task :flutter_secure_storage:prepareReleaseArtProfile UP-TO-DATE
> Task :jni:prepareReleaseArtProfile UP-TO-DATE
> Task :jni_flutter:prepareReleaseArtProfile UP-TO-DATE
> Task :shared_preferences_android:prepareReleaseArtProfile UP-TO-DATE
> Task :app:mergeReleaseArtProfile UP-TO-DATE
> Task :file_picker:bundleLibRuntimeToJarRelease UP-TO-DATE
> Task :flutter_plugin_android_lifecycle:bundleLibRuntimeToJarRelease UP-TO-DATE
> Task :flutter_secure_storage:bundleLibRuntimeToJarRelease UP-TO-DATE
> Task :jni:bundleLibRuntimeToJarRelease UP-TO-DATE
> Task :jni_flutter:bundleLibRuntimeToJarRelease UP-TO-DATE
> Task :shared_preferences_android:bundleLibRuntimeToJarRelease UP-TO-DATE
> Task :app:expandReleaseArtProfileWildcards UP-TO-DATE
> Task :app:extractProguardFiles UP-TO-DATE
> Task :app:mergeReleaseGeneratedProguardFiles UP-TO-DATE
> Task :app:processReleaseJavaRes UP-TO-DATE
> Task :file_picker:processReleaseJavaRes UP-TO-DATE
> Task :flutter_plugin_android_lifecycle:processReleaseJavaRes NO-SOURCE
> Task :flutter_secure_storage:processReleaseJavaRes NO-SOURCE
> Task :jni:processReleaseJavaRes NO-SOURCE
> Task :jni_flutter:processReleaseJavaRes NO-SOURCE
> Task :shared_preferences_android:processReleaseJavaRes UP-TO-DATE
> Task :app:mergeReleaseJavaResource UP-TO-DATE
> Task :app:mergeReleaseStartupProfile UP-TO-DATE
> Task :app:minifyReleaseWithR8 UP-TO-DATE
> Task :app:compileReleaseArtProfile
> Task :app:compressReleaseAssets UP-TO-DATE
> Task :app:extractReleaseVersionControlInfo UP-TO-DATE
> Task :file_picker:createFullJarRelease UP-TO-DATE
> Task :file_picker:extractProguardFiles UP-TO-DATE
> Task :flutter_plugin_android_lifecycle:createFullJarRelease UP-TO-DATE
> Task :flutter_plugin_android_lifecycle:extractProguardFiles UP-TO-DATE
> Task :flutter_plugin_android_lifecycle:generateReleaseLintModel UP-TO-DATE
> Task :flutter_plugin_android_lifecycle:prepareLintJarForPublish UP-TO-DATE
> Task :file_picker:generateReleaseLintModel UP-TO-DATE
> Task :file_picker:prepareLintJarForPublish UP-TO-DATE
> Task :flutter_secure_storage:createFullJarRelease UP-TO-DATE
> Task :flutter_secure_storage:extractProguardFiles UP-TO-DATE
> Task :flutter_secure_storage:generateReleaseLintModel UP-TO-DATE
> Task :flutter_secure_storage:prepareLintJarForPublish UP-TO-DATE
> Task :jni:createFullJarRelease UP-TO-DATE
> Task :jni:extractProguardFiles UP-TO-DATE
> Task :jni:generateReleaseLintModel UP-TO-DATE
> Task :jni:prepareLintJarForPublish UP-TO-DATE
> Task :jni_flutter:createFullJarRelease UP-TO-DATE
> Task :jni_flutter:extractProguardFiles UP-TO-DATE
> Task :jni_flutter:generateReleaseLintModel UP-TO-DATE
> Task :jni_flutter:prepareLintJarForPublish UP-TO-DATE
> Task :shared_preferences_android:createFullJarRelease UP-TO-DATE
> Task :shared_preferences_android:extractProguardFiles UP-TO-DATE
> Task :shared_preferences_android:generateReleaseLintModel UP-TO-DATE
> Task :shared_preferences_android:prepareLintJarForPublish UP-TO-DATE
> Task :app:generateReleaseLintVitalReportModel UP-TO-DATE
> Task :file_picker:stripReleaseDebugSymbols NO-SOURCE
> Task :file_picker:copyReleaseJniLibsProjectAndLocalJars UP-TO-DATE
> Task :file_picker:extractDeepLinksForAarRelease UP-TO-DATE
> Task :file_picker:extractReleaseAnnotations UP-TO-DATE
> Task :file_picker:mergeReleaseConsumerProguardFiles UP-TO-DATE
> Task :file_picker:mergeReleaseJavaResource UP-TO-DATE
> Task :file_picker:syncReleaseLibJars UP-TO-DATE
> Task :file_picker:bundleReleaseLocalLintAar UP-TO-DATE
> Task :flutter_plugin_android_lifecycle:stripReleaseDebugSymbols NO-SOURCE
> Task :flutter_plugin_android_lifecycle:copyReleaseJniLibsProjectAndLocalJars UP-TO-DATE
> Task :flutter_plugin_android_lifecycle:extractDeepLinksForAarRelease UP-TO-DATE
> Task :flutter_plugin_android_lifecycle:extractReleaseAnnotations UP-TO-DATE
> Task :flutter_plugin_android_lifecycle:mergeReleaseConsumerProguardFiles UP-TO-DATE
> Task :flutter_plugin_android_lifecycle:mergeReleaseJavaResource UP-TO-DATE
> Task :flutter_plugin_android_lifecycle:syncReleaseLibJars UP-TO-DATE
> Task :flutter_plugin_android_lifecycle:bundleReleaseLocalLintAar UP-TO-DATE
> Task :flutter_secure_storage:stripReleaseDebugSymbols NO-SOURCE
> Task :flutter_secure_storage:copyReleaseJniLibsProjectAndLocalJars UP-TO-DATE
> Task :flutter_secure_storage:extractDeepLinksForAarRelease UP-TO-DATE
> Task :flutter_secure_storage:extractReleaseAnnotations UP-TO-DATE
> Task :flutter_secure_storage:mergeReleaseConsumerProguardFiles UP-TO-DATE
> Task :flutter_secure_storage:mergeReleaseJavaResource UP-TO-DATE
> Task :flutter_secure_storage:syncReleaseLibJars UP-TO-DATE
> Task :flutter_secure_storage:bundleReleaseLocalLintAar UP-TO-DATE
> Task :jni_flutter:stripReleaseDebugSymbols NO-SOURCE
> Task :jni_flutter:copyReleaseJniLibsProjectAndLocalJars UP-TO-DATE
> Task :jni_flutter:extractDeepLinksForAarRelease UP-TO-DATE
> Task :jni_flutter:extractReleaseAnnotations UP-TO-DATE
> Task :jni_flutter:mergeReleaseConsumerProguardFiles UP-TO-DATE
> Task :jni_flutter:mergeReleaseJavaResource UP-TO-DATE
> Task :jni_flutter:syncReleaseLibJars UP-TO-DATE
> Task :jni_flutter:bundleReleaseLocalLintAar UP-TO-DATE
> Task :jni:stripReleaseDebugSymbols UP-TO-DATE
> Task :jni:copyReleaseJniLibsProjectAndLocalJars UP-TO-DATE
> Task :jni:extractDeepLinksForAarRelease UP-TO-DATE
> Task :jni:extractReleaseAnnotations UP-TO-DATE
> Task :jni:mergeReleaseConsumerProguardFiles UP-TO-DATE
> Task :jni:mergeReleaseJavaResource UP-TO-DATE
> Task :jni:syncReleaseLibJars UP-TO-DATE
> Task :jni:bundleReleaseLocalLintAar UP-TO-DATE
> Task :shared_preferences_android:stripReleaseDebugSymbols NO-SOURCE
> Task :shared_preferences_android:copyReleaseJniLibsProjectAndLocalJars UP-TO-DATE
> Task :shared_preferences_android:extractDeepLinksForAarRelease UP-TO-DATE
> Task :shared_preferences_android:extractReleaseAnnotations UP-TO-DATE
> Task :shared_preferences_android:mergeReleaseConsumerProguardFiles UP-TO-DATE
> Task :shared_preferences_android:mergeReleaseJavaResource UP-TO-DATE
> Task :shared_preferences_android:syncReleaseLibJars
> Task :shared_preferences_android:bundleReleaseLocalLintAar
> Task :flutter_plugin_android_lifecycle:writeReleaseLintModelMetadata UP-TO-DATE
> Task :file_picker:lintVitalAnalyzeRelease
> Task :file_picker:writeReleaseLintModelMetadata
> Task :flutter_plugin_android_lifecycle:lintVitalAnalyzeRelease
> Task :flutter_secure_storage:lintVitalAnalyzeRelease
> Task :flutter_secure_storage:writeReleaseLintModelMetadata
> Task :jni:lintVitalAnalyzeRelease
> Task :jni:writeReleaseLintModelMetadata
> Task :jni_flutter:lintVitalAnalyzeRelease
> Task :jni_flutter:writeReleaseLintModelMetadata
> Task :shared_preferences_android:lintVitalAnalyzeRelease
> Task :shared_preferences_android:writeReleaseLintModelMetadata
> Task :app:lintVitalAnalyzeRelease
> Task :file_picker:generateReleaseLintVitalModel
> Task :flutter_plugin_android_lifecycle:generateReleaseLintVitalModel
> Task :flutter_secure_storage:generateReleaseLintVitalModel
> Task :jni:generateReleaseLintVitalModel
> Task :jni_flutter:generateReleaseLintVitalModel
> Task :shared_preferences_android:generateReleaseLintVitalModel
> Task :app:lintVitalReportRelease
> Task :app:lintVitalRelease
> Task :app:convertShrunkResourcesToBinaryRelease
> Task :app:optimizeReleaseResources
> Task :app:collectReleaseDependencies
> Task :app:sdkReleaseDependencyData
> Task :app:validateSigningRelease
> Task :app:writeReleaseAppMetadata
> Task :app:writeReleaseSigningConfigVersions
> Task :app:packageRelease
> Task :app:createReleaseApkListingFileRedirect
> Task :app:assembleRelease
> Task :file_picker:bundleReleaseAar
> Task :file_picker:mapReleaseSourceSetPaths
> Task :file_picker:mergeReleaseResources
> Task :flutter_plugin_android_lifecycle:compileReleaseLibraryResources
> Task :file_picker:verifyReleaseResources
> Task :file_picker:assembleRelease
> Task :flutter_plugin_android_lifecycle:bundleReleaseAar
> Task :flutter_plugin_android_lifecycle:mapReleaseSourceSetPaths
> Task :flutter_plugin_android_lifecycle:mergeReleaseResources
> Task :flutter_plugin_android_lifecycle:verifyReleaseResources
> Task :flutter_plugin_android_lifecycle:assembleRelease
> Task :flutter_secure_storage:bundleReleaseAar
> Task :flutter_secure_storage:mapReleaseSourceSetPaths
> Task :flutter_secure_storage:mergeReleaseResources
> Task :flutter_secure_storage:verifyReleaseResources
> Task :flutter_secure_storage:assembleRelease
> Task :jni:bundleReleaseAar
> Task :jni:mapReleaseSourceSetPaths
> Task :jni:mergeReleaseResources
> Task :jni:verifyReleaseResources
> Task :jni:assembleRelease
> Task :jni_flutter:bundleReleaseAar
> Task :jni:compileReleaseLibraryResources
> Task :jni_flutter:mapReleaseSourceSetPaths
> Task :jni_flutter:mergeReleaseResources
> Task :jni_flutter:verifyReleaseResources
> Task :jni_flutter:assembleRelease
> Task :shared_preferences_android:bundleReleaseAar
> Task :shared_preferences_android:mapReleaseSourceSetPaths
> Task :shared_preferences_android:mergeReleaseResources
> Task :shared_preferences_android:verifyReleaseResources
> Task :shared_preferences_android:assembleRelease

[Incubating] Problems report is available at: file:///D:/jiangjiu/apps/mobile_desktop/build/reports/problems/problems-report.html

Deprecated Gradle features were used in this build, making it incompatible with Gradle 9.0.

You can use '--warning-mode all' to show the individual deprecation warnings and determine if they come from your own scripts or plugins.

For more on this, please refer to https://docs.gradle.org/8.13/userguide/command_line_interface.html#sec:command_line_warnings in the Gradle documentation.

BUILD SUCCESSFUL in 1m 56s
303 actionable tasks: 77 executed, 226 up-to-date
